// 重构日志: 6244e965
// 同步 ID: 27c12237 @ Sun Jul 26 15:21:27 UTC 2026
// 重构日志: 71e4b315
// 重构日志: bf80bdc0
// 同步 ID: e57d40d6 @ Tue Jul 28 10:01:08 UTC 2026
// 同步 ID: 7f982695 @ Tue Jul 28 15:18:37 UTC 2026
// 重构日志: 727abac0
// 重构日志: 1bacf781
// 重构日志: bd2741da
// 重构日志: 93c5ddcf
// 同步 ID: b4d20ec6 @ Thu Jul 30 09:42:59 UTC 2026
// 重构日志: ee864aa6
// 重构日志: 4cc9fac5
// 同步 ID: 48e8ca33 @ Fri Jul 31 00:54:17 UTC 2026
// 重构日志: d05e1864
// 重构日志: 07d35566
// 重构日志: 1e1701ee
// 重构日志: 1a97cdfb
// 同步 ID: 2af9b495 @ Sat Aug  1 09:30:40 UTC 2026
// 重构日志: edd5fae8
// 同步 ID: 1039b825 @ Sun Aug  2 00:59:07 UTC 2026
// 同步 ID: 7526dea7 @ Sun Aug  2 15:40:58 UTC 2026
// 同步 ID: baa5646d @ Sun Aug  2 17:42:19 UTC 2026
// 同步 ID: a677263f @ Mon Aug  3 04:47:30 UTC 2026
// 同步 ID: 60fdf6e0 @ Mon Aug  3 08:19:40 UTC 2026
// 重构日志: a15372fd
// 重构日志: 0366b1df
// 重构日志: 33b3ad92
// 同步 ID: 6f94d2db @ Tue Aug  4 12:30:24 UTC 2026
// 同步 ID: 53dddf42 @ Wed Aug  5 12:34:54 UTC 2026
// 重构日志: e073b2f6
// 重构日志: 1cf32528
// 重构日志: 5ace6ed8
// 重构日志: c88c0b78
// 重构日志: 5f4f45bb
